---
http_interactions:
- request:
    method: get
    uri: https://face.gob.es/api/v2/administraciones/E05071601/relaciones?administracion=E05071601&limit=25.0&page=1
    body:
      encoding: US-ASCII
      string: ''
    headers:
      User-Agent:
      - Faraday v1.3.0
      Accept-Encoding:
      - gzip;q=1.0,deflate;q=0.6,identity;q=0.3
      Accept:
      - "*/*"
  response:
    status:
      code: 200
      message: OK
    headers:
      Date:
      - Thu, 04 Mar 2021 14:03:45 GMT
      Server:
      - Microsoft-IIS/5.0
      Cache-Control:
      - no-cache
      Strict-Transport-Security:
      - max-age=63072000; includeSubdomains; preload
      X-Xss-Protection:
      - 1;mode=block
      Referrer-Policy:
      - origin-when-cross-origin,strict-origin-when-cross-origin
      X-Content-Type-Options:
      - nosniff
      X-Frame-Options:
      - DENY
      Vary:
      - User-Agent
      Content-Type:
      - application/json
      Transfer-Encoding:
      - chunked
    body:
      encoding: UTF-8
      string: '{"items":[{"cifs":[],"administracion":{"nombre":"Ministerio de Igualdad","codigo_dir":"E05071601","cifs":[]},"id":94410,"og":{"codigo_dir":"E05075301","nombre":"Subsecretar\u00eda
        de Igualdad"},"ut":{"codigo_dir":"GE0017700","nombre":"Habilitado de Personal,
        Caja Fija y Pagos a Justificar"},"oc":{"codigo_dir":"GE0015417","nombre":"Oficina
        Contable. I.D. Ministerio de Igualdad"}},{"cifs":[],"administracion":{"nombre":"Ministerio
        de Igualdad","codigo_dir":"E05071601","cifs":[]},"id":94409,"og":{"codigo_dir":"E05075301","nombre":"Subsecretar\u00eda
        de Igualdad"},"ut":{"codigo_dir":"EA0043191","nombre":"Subdirecci\u00f3n General
        de la Oficina Presupuestaria, Gesti\u00f3n Econ\u00f3mica y Asuntos Generales"},"oc":{"codigo_dir":"GE0015417","nombre":"Oficina
        Contable. I.D. Ministerio de Igualdad"}},{"cifs":[],"administracion":{"nombre":"Ministerio
        de Igualdad","codigo_dir":"E05071601","cifs":[]},"id":86027,"og":{"codigo_dir":"EA0043203","nombre":"Instituto
        de las Mujeres"},"ut":{"codigo_dir":"EA0043208","nombre":"Unidad Tramitadora
        de Contrataci\u00f3n Instituto de las Mujeres"},"oc":{"codigo_dir":"GE0014526","nombre":"Oficina
        Contable. I.D. Ministerio de Hacienda"}},{"cifs":[],"administracion":{"nombre":"Ministerio
        de Igualdad","codigo_dir":"E05071601","cifs":[]},"id":86047,"og":{"codigo_dir":"EA0043203","nombre":"Instituto
        de las Mujeres"},"ut":{"codigo_dir":"EA0043207","nombre":"Unidad Tramitadora
        de Caja Instituto de las Mujeres"},"oc":{"codigo_dir":"EA0043206","nombre":"Oficina
        Contable Instituto de las Mujeres"}},{"cifs":[],"administracion":{"nombre":"Ministerio
        de Igualdad","codigo_dir":"E05071601","cifs":[]},"id":86048,"og":{"codigo_dir":"EA0043203","nombre":"Instituto
        de las Mujeres"},"ut":{"codigo_dir":"EA0043208","nombre":"Unidad Tramitadora
        de Contrataci\u00f3n Instituto de las Mujeres"},"oc":{"codigo_dir":"EA0043206","nombre":"Oficina
        Contable Instituto de las Mujeres"}},{"cifs":[],"administracion":{"nombre":"Ministerio
        de Igualdad","codigo_dir":"E05071601","cifs":[]},"id":94387,"og":{"codigo_dir":"E04797505","nombre":"Delegaci\u00f3n
        del Gobierno contra la Violencia de G\u00e9nero"},"ut":{"codigo_dir":"E04797505","nombre":"Delegaci\u00f3n
        del Gobierno contra la Violencia de G\u00e9nero"},"oc":{"codigo_dir":"GE0015417","nombre":"Oficina
        Contable. I.D. Ministerio de Igualdad"}},{"cifs":[],"administracion":{"nombre":"Ministerio
        de Igualdad","codigo_dir":"E05071601","cifs":[]},"id":94388,"og":{"codigo_dir":"E05071902","nombre":"Secretar\u00eda
        de Estado de Igualdad y Contra la Violencia de G\u00e9nero"},"ut":{"codigo_dir":"E05082001","nombre":"Direcci\u00f3n
        General de Diversidad Sexual y Derechos LGTBI"},"oc":{"codigo_dir":"GE0015417","nombre":"Oficina
        Contable. I.D. Ministerio de Igualdad"}},{"cifs":[],"administracion":{"nombre":"Ministerio
        de Igualdad","codigo_dir":"E05071601","cifs":[]},"id":94407,"og":{"codigo_dir":"E05071902","nombre":"Secretar\u00eda
        de Estado de Igualdad y Contra la Violencia de G\u00e9nero"},"ut":{"codigo_dir":"E05040503","nombre":"Direcci\u00f3n
        General para la Igualdad de trato y Diversidad \u00c9tnico Racial"},"oc":{"codigo_dir":"GE0015417","nombre":"Oficina
        Contable. I.D. Ministerio de Igualdad"}},{"cifs":[],"administracion":{"nombre":"Ministerio
        de Igualdad","codigo_dir":"E05071601","cifs":[]},"id":94408,"og":{"codigo_dir":"E05071902","nombre":"Secretar\u00eda
        de Estado de Igualdad y Contra la Violencia de G\u00e9nero"},"ut":{"codigo_dir":"E05072002","nombre":"Gabinete
        del Secretario de Estado"},"oc":{"codigo_dir":"GE0015417","nombre":"Oficina
        Contable. I.D. Ministerio de Igualdad"}}]}'
  recorded_at: Thu, 04 Mar 2021 14:03:45 GMT
- request:
    method: get
    uri: https://face.gob.es/api/v2/administraciones/E05071601/relaciones?administracion=E05071601&page=0
    body:
      encoding: US-ASCII
      string: ''
    headers:
      User-Agent:
      - Faraday v1.3.0
      Accept-Encoding:
      - gzip;q=1.0,deflate;q=0.6,identity;q=0.3
      Accept:
      - "*/*"
  response:
    status:
      code: 200
      message: OK
    headers:
      Date:
      - Thu, 04 Mar 2021 14:03:45 GMT
      Server:
      - Microsoft-IIS/5.0
      Cache-Control:
      - no-cache
      Strict-Transport-Security:
      - max-age=63072000; includeSubdomains; preload
      X-Xss-Protection:
      - 1;mode=block
      Referrer-Policy:
      - origin-when-cross-origin,strict-origin-when-cross-origin
      X-Content-Type-Options:
      - nosniff
      X-Frame-Options:
      - DENY
      Vary:
      - User-Agent
      Content-Type:
      - application/json
      Transfer-Encoding:
      - chunked
    body:
      encoding: UTF-8
      string: '{"pager":{"total":"9","limit":25},"filter":{"fields":["oc","og","ut"]}}'
  recorded_at: Thu, 04 Mar 2021 14:03:45 GMT
- request:
    method: get
    uri: https://face.gob.es/api/v2/administraciones/E05071601/relaciones?administracion=E05071601&limit=25.0&page=1
    body:
      encoding: US-ASCII
      string: ''
    headers:
      User-Agent:
      - Faraday v1.3.0
      Accept-Encoding:
      - gzip;q=1.0,deflate;q=0.6,identity;q=0.3
      Accept:
      - "*/*"
  response:
    status:
      code: 200
      message: OK
    headers:
      Date:
      - Thu, 04 Mar 2021 14:03:46 GMT
      Server:
      - Microsoft-IIS/5.0
      Cache-Control:
      - no-cache
      Strict-Transport-Security:
      - max-age=63072000; includeSubdomains; preload
      X-Xss-Protection:
      - 1;mode=block
      Referrer-Policy:
      - origin-when-cross-origin,strict-origin-when-cross-origin
      X-Content-Type-Options:
      - nosniff
      X-Frame-Options:
      - DENY
      Vary:
      - User-Agent
      Content-Type:
      - application/json
      Transfer-Encoding:
      - chunked
    body:
      encoding: UTF-8
      string: '{"items":[{"cifs":[],"administracion":{"nombre":"Ministerio de Igualdad","codigo_dir":"E05071601","cifs":[]},"id":94410,"og":{"codigo_dir":"E05075301","nombre":"Subsecretar\u00eda
        de Igualdad"},"ut":{"codigo_dir":"GE0017700","nombre":"Habilitado de Personal,
        Caja Fija y Pagos a Justificar"},"oc":{"codigo_dir":"GE0015417","nombre":"Oficina
        Contable. I.D. Ministerio de Igualdad"}},{"cifs":[],"administracion":{"nombre":"Ministerio
        de Igualdad","codigo_dir":"E05071601","cifs":[]},"id":94409,"og":{"codigo_dir":"E05075301","nombre":"Subsecretar\u00eda
        de Igualdad"},"ut":{"codigo_dir":"EA0043191","nombre":"Subdirecci\u00f3n General
        de la Oficina Presupuestaria, Gesti\u00f3n Econ\u00f3mica y Asuntos Generales"},"oc":{"codigo_dir":"GE0015417","nombre":"Oficina
        Contable. I.D. Ministerio de Igualdad"}},{"cifs":[],"administracion":{"nombre":"Ministerio
        de Igualdad","codigo_dir":"E05071601","cifs":[]},"id":86027,"og":{"codigo_dir":"EA0043203","nombre":"Instituto
        de las Mujeres"},"ut":{"codigo_dir":"EA0043208","nombre":"Unidad Tramitadora
        de Contrataci\u00f3n Instituto de las Mujeres"},"oc":{"codigo_dir":"GE0014526","nombre":"Oficina
        Contable. I.D. Ministerio de Hacienda"}},{"cifs":[],"administracion":{"nombre":"Ministerio
        de Igualdad","codigo_dir":"E05071601","cifs":[]},"id":86047,"og":{"codigo_dir":"EA0043203","nombre":"Instituto
        de las Mujeres"},"ut":{"codigo_dir":"EA0043207","nombre":"Unidad Tramitadora
        de Caja Instituto de las Mujeres"},"oc":{"codigo_dir":"EA0043206","nombre":"Oficina
        Contable Instituto de las Mujeres"}},{"cifs":[],"administracion":{"nombre":"Ministerio
        de Igualdad","codigo_dir":"E05071601","cifs":[]},"id":86048,"og":{"codigo_dir":"EA0043203","nombre":"Instituto
        de las Mujeres"},"ut":{"codigo_dir":"EA0043208","nombre":"Unidad Tramitadora
        de Contrataci\u00f3n Instituto de las Mujeres"},"oc":{"codigo_dir":"EA0043206","nombre":"Oficina
        Contable Instituto de las Mujeres"}},{"cifs":[],"administracion":{"nombre":"Ministerio
        de Igualdad","codigo_dir":"E05071601","cifs":[]},"id":94387,"og":{"codigo_dir":"E04797505","nombre":"Delegaci\u00f3n
        del Gobierno contra la Violencia de G\u00e9nero"},"ut":{"codigo_dir":"E04797505","nombre":"Delegaci\u00f3n
        del Gobierno contra la Violencia de G\u00e9nero"},"oc":{"codigo_dir":"GE0015417","nombre":"Oficina
        Contable. I.D. Ministerio de Igualdad"}},{"cifs":[],"administracion":{"nombre":"Ministerio
        de Igualdad","codigo_dir":"E05071601","cifs":[]},"id":94388,"og":{"codigo_dir":"E05071902","nombre":"Secretar\u00eda
        de Estado de Igualdad y Contra la Violencia de G\u00e9nero"},"ut":{"codigo_dir":"E05082001","nombre":"Direcci\u00f3n
        General de Diversidad Sexual y Derechos LGTBI"},"oc":{"codigo_dir":"GE0015417","nombre":"Oficina
        Contable. I.D. Ministerio de Igualdad"}},{"cifs":[],"administracion":{"nombre":"Ministerio
        de Igualdad","codigo_dir":"E05071601","cifs":[]},"id":94407,"og":{"codigo_dir":"E05071902","nombre":"Secretar\u00eda
        de Estado de Igualdad y Contra la Violencia de G\u00e9nero"},"ut":{"codigo_dir":"E05040503","nombre":"Direcci\u00f3n
        General para la Igualdad de trato y Diversidad \u00c9tnico Racial"},"oc":{"codigo_dir":"GE0015417","nombre":"Oficina
        Contable. I.D. Ministerio de Igualdad"}},{"cifs":[],"administracion":{"nombre":"Ministerio
        de Igualdad","codigo_dir":"E05071601","cifs":[]},"id":94408,"og":{"codigo_dir":"E05071902","nombre":"Secretar\u00eda
        de Estado de Igualdad y Contra la Violencia de G\u00e9nero"},"ut":{"codigo_dir":"E05072002","nombre":"Gabinete
        del Secretario de Estado"},"oc":{"codigo_dir":"GE0015417","nombre":"Oficina
        Contable. I.D. Ministerio de Igualdad"}}]}'
  recorded_at: Thu, 04 Mar 2021 14:03:46 GMT
recorded_with: VCR 6.0.0
